1anai->u
2inai->iru
2enai->eru
Kkonai->kuru
Ssinai->suru
1imasu->u
2imasu->iru
2emasu->eru
Kkimasu->kuru
Ssimasu->suru
1e->u
2iro->iru
2ero->eru
Kkoi->kuru
Ssiro->suru
1oo->u
2iyoo->iru
2eyoo->eru
Kkoyoo->kuru
Sshiyoo->suru
1ite->ku
1ide->gu
1site->su
1nde->nu
1nde->bu
1nde->mu
1tte->tu
1tte->ru
1tte->u
2ite->iru
2ete->eru
1itte->iku
Kkite->kuru
Ssite->suru
1ita->ku
1ida->gu
1sita->su
1nda->nu
1nda->bu
1nda->mu
1tta->tu
1tta->ru
1tta->u
2ita->iru
2eta->eru
1itta->iku
Kkita->kuru
Ssita->suru
1imasen->u
1imasyoo->u
1imasite->u
1imasita->u
1imasendesita->u
2imasen->iru
2imasyoo->iru
2imasite->iru
2imasita->iru
2imasendesita->iru
2emasen->eru
2emasyoo->eru
2emasite->eru
2emasita->eru
2emasendesita->eru
Kkimasen->kuru
Kkimasyoo->kuru
Kkimasite->kuru
Kkimasita->kuru
Kkimasendesita->kuru
Ssimasen->suru
Ssimasyoo->suru
Ssimasite->suru
Ssimasita->suru
Ssimasendesita->suru
Aku->i
Akunai->i
Akuwanai->i
Akute->i
Akatta->i
Nana->a
Nina->i
Nena->e
Nuna->u
Nona->o
Nada->a
Nida->i
Neda->e
Nuda->u
Noda->o
Nani->a
Nini->i
Neni->e
Nuni->u
Noni->o
Nade->a
Nide->i
Nede->e
Nude->u
Node->o
Nadatta->a
Nidatta->i
Nedatta->e
Nudatta->u
Nodatta->o